[0m12:54:27.475389 [debug] [MainThread]: Sending event: {'category': 'dbt', 'action': 'invocation', 'label': 'start', 'context': [<snowplow_tracker.self_describing_json.SelfDescribingJson object at 0x11305bfd0>, <snowplow_tracker.self_describing_json.SelfDescribingJson object at 0x113074550>, <snowplow_tracker.self_describing_json.SelfDescribingJson object at 0x113074bd0>]}


============================== 12:54:27.477546 | cfe7d92b-81a7-477e-895c-2ca10a8328d0 ==============================
[0m12:54:27.477546 [info ] [MainThread]: Running with dbt=1.7.4
[0m12:54:27.477794 [debug] [MainThread]: running dbt with arguments {'static_parser': 'True', 'invocation_command': 'dbt init instacart_dbt', 'warn_error_options': 'WarnErrorOptions(include=[], exclude=[])', 'fail_fast': 'False', 'cache_selected_only': 'False', 'printer_width': '80', 'send_anonymous_usage_stats': 'True', 'log_format': 'default', 'version_check': 'True', 'use_colors': 'True', 'introspect': 'True', 'warn_error': 'None', 'use_experimental_parser': 'False', 'target_path': 'None', 'log_cache_events': 'False', 'debug': 'False', 'indirect_selection': 'eager', 'write_json': 'True', 'log_path': 'logs', 'partial_parse': 'True', 'no_print': 'None', 'profiles_dir': '/Users/sofiya/.dbt', 'quiet': 'False'}
[0m12:54:27.478016 [warn ] [MainThread]: [ConfigFolderDirectory]: Unable to parse dict {'dir': PosixPath('/Users/sofiya/.dbt')}
[0m12:54:27.478148 [info ] [MainThread]: Creating dbt configuration folder at 
[0m12:54:27.478532 [debug] [MainThread]: Starter project path: /Users/sofiya/Work/instacart-platform/instacart-platform/venv/lib/python3.11/site-packages/dbt/include/starter_project
[0m12:54:27.480830 [info ] [MainThread]: 
Your new dbt project "instacart_dbt" was created!

For more information on how to configure the profiles.yml file,
please consult the dbt documentation here:

  https://docs.getdbt.com/docs/configure-your-profile

One more thing:

Need help? Don't hesitate to reach out to us via GitHub issues or on Slack:

  https://community.getdbt.com/

Happy modeling!

[0m12:54:27.481003 [info ] [MainThread]: Setting up your profile.
[0m12:57:21.943586 [error] [MainThread]: Encountered an error:

[0m12:57:21.951662 [error] [MainThread]: Traceback (most recent call last):
  File "/Users/sofiya/Work/instacart-platform/instacart-platform/venv/lib/python3.11/site-packages/dbt/cli/requires.py", line 90, in wrapper
    result, success = func(*args, **kwargs)
                      ^^^^^^^^^^^^^^^^^^^^^
  File "/Users/sofiya/Work/instacart-platform/instacart-platform/venv/lib/python3.11/site-packages/dbt/cli/requires.py", line 75, in wrapper
    return func(*args, **kwargs)
           ^^^^^^^^^^^^^^^^^^^^^
  File "/Users/sofiya/Work/instacart-platform/instacart-platform/venv/lib/python3.11/site-packages/dbt/cli/main.py", line 515, in init
    results = task.run()
              ^^^^^^^^^^
  File "/Users/sofiya/Work/instacart-platform/instacart-platform/venv/lib/python3.11/site-packages/dbt/task/init.py", line 344, in run
    self.setup_profile(profile_name)
  File "/Users/sofiya/Work/instacart-platform/instacart-platform/venv/lib/python3.11/site-packages/dbt/task/init.py", line 264, in setup_profile
    self.create_profile_from_target(adapter, profile_name=profile_name)
  File "/Users/sofiya/Work/instacart-platform/instacart-platform/venv/lib/python3.11/site-packages/dbt/task/init.py", line 181, in create_profile_from_target
    self.create_profile_from_profile_template(profile_template, profile_name)
  File "/Users/sofiya/Work/instacart-platform/instacart-platform/venv/lib/python3.11/site-packages/dbt/task/init.py", line 165, in create_profile_from_profile_template
    target = self.generate_target_from_input(prompts, initial_target)
             ^^^^^^^^^^^^^^^^^^^^^^^^^^^^^^^^^^^^^^^^^^^^^^^^^^^^^^^^
  File "/Users/sofiya/Work/instacart-platform/instacart-platform/venv/lib/python3.11/site-packages/dbt/task/init.py", line 131, in generate_target_from_input
    target[key] = click.prompt(
                  ^^^^^^^^^^^^^
  File "/Users/sofiya/Work/instacart-platform/instacart-platform/venv/lib/python3.11/site-packages/click/termui.py", line 218, in prompt
    value = prompt_func(prompt)
            ^^^^^^^^^^^^^^^^^^^
  File "/Users/sofiya/Work/instacart-platform/instacart-platform/venv/lib/python3.11/site-packages/click/termui.py", line 201, in prompt_func
    raise Abort() from None
click.exceptions.Abort

[0m12:57:21.966416 [debug] [MainThread]: Sending event: {'category': 'dbt', 'action': 'invocation', 'label': 'end', 'context': [<snowplow_tracker.self_describing_json.SelfDescribingJson object at 0x100697390>, <snowplow_tracker.self_describing_json.SelfDescribingJson object at 0x1127c8950>, <snowplow_tracker.self_describing_json.SelfDescribingJson object at 0x1005d80d0>]}
[0m12:57:21.969606 [debug] [MainThread]: Flushing usage events
[0m12:57:29.130274 [debug] [MainThread]: Sending event: {'category': 'dbt', 'action': 'invocation', 'label': 'start', 'context': [<snowplow_tracker.self_describing_json.SelfDescribingJson object at 0x106c51350>, <snowplow_tracker.self_describing_json.SelfDescribingJson object at 0x106c5bd90>, <snowplow_tracker.self_describing_json.SelfDescribingJson object at 0x106c5bf90>]}


============================== 12:57:29.132307 | 51f1fc46-42f1-45be-816a-52f525c5b2db ==============================
[0m12:57:29.132307 [info ] [MainThread]: Running with dbt=1.7.4
[0m12:57:29.132559 [debug] [MainThread]: running dbt with arguments {'invocation_command': 'dbt init instacart_dbt', 'profiles_dir': '/Users/sofiya/.dbt', 'introspect': 'True', 'printer_width': '80', 'static_parser': 'True', 'warn_error_options': 'WarnErrorOptions(include=[], exclude=[])', 'log_format': 'default', 'fail_fast': 'False', 'log_path': 'logs', 'quiet': 'False', 'log_cache_events': 'False', 'use_experimental_parser': 'False', 'write_json': 'True', 'partial_parse': 'True', 'debug': 'False', 'use_colors': 'True', 'version_check': 'True', 'indirect_selection': 'eager', 'target_path': 'None', 'cache_selected_only': 'False', 'no_print': 'None', 'send_anonymous_usage_stats': 'True', 'warn_error': 'None'}
[0m12:57:29.132934 [info ] [MainThread]: A project called instacart_dbt already exists here.
[0m12:57:29.134055 [debug] [MainThread]: Sending event: {'category': 'dbt', 'action': 'invocation', 'label': 'end', 'context': [<snowplow_tracker.self_describing_json.SelfDescribingJson object at 0x106c64090>, <snowplow_tracker.self_describing_json.SelfDescribingJson object at 0x106c64290>, <snowplow_tracker.self_describing_json.SelfDescribingJson object at 0x100d0c210>]}
[0m12:57:29.134198 [debug] [MainThread]: Flushing usage events
[0m12:58:39.093888 [debug] [MainThread]: Sending event: {'category': 'dbt', 'action': 'invocation', 'label': 'start', 'context': [<snowplow_tracker.self_describing_json.SelfDescribingJson object at 0x10a3c2b90>, <snowplow_tracker.self_describing_json.SelfDescribingJson object at 0x10a3d8310>, <snowplow_tracker.self_describing_json.SelfDescribingJson object at 0x10a3d8950>]}


============================== 12:58:39.096165 | 66add438-3997-4e64-9a98-2f74fcc01d21 ==============================
[0m12:58:39.096165 [info ] [MainThread]: Running with dbt=1.7.4
[0m12:58:39.096409 [debug] [MainThread]: running dbt with arguments {'printer_width': '80', 'send_anonymous_usage_stats': 'True', 'target_path': 'None', 'use_experimental_parser': 'False', 'fail_fast': 'False', 'profiles_dir': '/Users/sofiya/.dbt', 'warn_error_options': 'WarnErrorOptions(include=[], exclude=[])', 'no_print': 'None', 'invocation_command': 'dbt init instacart_dbt', 'log_path': 'logs', 'use_colors': 'True', 'introspect': 'True', 'write_json': 'True', 'partial_parse': 'True', 'indirect_selection': 'eager', 'cache_selected_only': 'False', 'log_format': 'default', 'quiet': 'False', 'version_check': 'True', 'static_parser': 'True', 'debug': 'False', 'warn_error': 'None', 'log_cache_events': 'False'}
[0m12:58:39.096821 [debug] [MainThread]: Starter project path: /Users/sofiya/Work/instacart-platform/instacart-platform/venv/lib/python3.11/site-packages/dbt/include/starter_project
[0m12:58:39.099307 [info ] [MainThread]: 
Your new dbt project "instacart_dbt" was created!

For more information on how to configure the profiles.yml file,
please consult the dbt documentation here:

  https://docs.getdbt.com/docs/configure-your-profile

One more thing:

Need help? Don't hesitate to reach out to us via GitHub issues or on Slack:

  https://community.getdbt.com/

Happy modeling!

[0m12:58:39.099489 [info ] [MainThread]: Setting up your profile.
[0m13:03:44.559331 [info ] [MainThread]: Profile instacart_dbt written to /Users/sofiya/.dbt/profiles.yml using target's profile_template.yml and your supplied values. Run 'dbt debug' to validate the connection.
[0m13:03:44.565738 [debug] [MainThread]: Sending event: {'category': 'dbt', 'action': 'invocation', 'label': 'end', 'context': [<snowplow_tracker.self_describing_json.SelfDescribingJson object at 0x104637490>, <snowplow_tracker.self_describing_json.SelfDescribingJson object at 0x108df0990>, <snowplow_tracker.self_describing_json.SelfDescribingJson object at 0x1045795d0>]}
[0m13:03:44.566643 [debug] [MainThread]: Flushing usage events
[0m13:18:29.162316 [debug] [MainThread]: Sending event: {'category': 'dbt', 'action': 'invocation', 'label': 'start', 'context': [<snowplow_tracker.self_describing_json.SelfDescribingJson object at 0x10b48ca90>, <snowplow_tracker.self_describing_json.SelfDescribingJson object at 0x108806450>, <snowplow_tracker.self_describing_json.SelfDescribingJson object at 0x10b487090>]}


============================== 13:18:29.164408 | d5015589-feae-445b-bf5f-0e681eb59221 ==============================
[0m13:18:29.164408 [info ] [MainThread]: Running with dbt=1.7.4
[0m13:18:29.164649 [debug] [MainThread]: running dbt with arguments {'printer_width': '80', 'indirect_selection': 'eager', 'log_cache_events': 'False', 'write_json': 'True', 'partial_parse': 'True', 'cache_selected_only': 'False', 'warn_error': 'None', 'version_check': 'True', 'profiles_dir': '/Users/sofiya/.dbt', 'log_path': 'logs', 'fail_fast': 'False', 'debug': 'False', 'use_colors': 'True', 'use_experimental_parser': 'False', 'no_print': 'None', 'quiet': 'False', 'log_format': 'default', 'introspect': 'True', 'invocation_command': 'dbt init instacart_dbt', 'static_parser': 'True', 'target_path': 'None', 'warn_error_options': 'WarnErrorOptions(include=[], exclude=[])', 'send_anonymous_usage_stats': 'True'}
[0m13:18:29.165060 [debug] [MainThread]: Starter project path: /Users/sofiya/Work/instacart-platform/instacart-platform/venv/lib/python3.11/site-packages/dbt/include/starter_project
[0m13:18:29.167849 [info ] [MainThread]: 
Your new dbt project "instacart_dbt" was created!

For more information on how to configure the profiles.yml file,
please consult the dbt documentation here:

  https://docs.getdbt.com/docs/configure-your-profile

One more thing:

Need help? Don't hesitate to reach out to us via GitHub issues or on Slack:

  https://community.getdbt.com/

Happy modeling!

[0m13:18:29.168000 [info ] [MainThread]: Setting up your profile.
[0m13:22:23.570681 [info ] [MainThread]: Profile instacart_dbt written to /Users/sofiya/.dbt/profiles.yml using target's profile_template.yml and your supplied values. Run 'dbt debug' to validate the connection.
[0m13:22:23.578710 [debug] [MainThread]: Resource report: {"command_name": "init", "command_success": true, "command_wall_clock_time": 234.44014, "process_user_time": 1.127171, "process_kernel_time": 0.129131, "process_mem_max_rss": "132907008", "process_in_blocks": "0", "process_out_blocks": "0"}
[0m13:22:23.581507 [debug] [MainThread]: Command `dbt init` succeeded at 13:22:23.581090 after 234.44 seconds
[0m13:22:23.582484 [debug] [MainThread]: Sending event: {'category': 'dbt', 'action': 'invocation', 'label': 'end', 'context': [<snowplow_tracker.self_describing_json.SelfDescribingJson object at 0x104aeb490>, <snowplow_tracker.self_describing_json.SelfDescribingJson object at 0x10b4d7050>, <snowplow_tracker.self_describing_json.SelfDescribingJson object at 0x104af1ad0>]}
[0m13:22:23.583273 [debug] [MainThread]: Flushing usage events
